// Jest Snapshot v1, https://goo.gl/fbAQLP

exports[`Habit component Renders 1`] = `[Function]`;
